// 重构日志: a559da31
// 同步 ID: 126fbd24 @ Sat Jul 25 21:38:51 UTC 2026
// 重构日志: af18ee05
// 重构日志: df6a3c35
// 重构日志: c65516f2
// 重构日志: a1ec72f3
// 重构日志: a955f0b9
// 重构日志: 4bbddf1f
// 重构日志: 892a9c77
// 同步 ID: dd7539f0 @ Wed Jul 29 10:16:13 UTC 2026
// 重构日志: 1004228c
// 重构日志: d974ba01
// 同步 ID: 98ab89cc @ Fri Jul 31 11:26:35 UTC 2026
// 重构日志: d3dba589
// 同步 ID: 79208c75 @ Sat Aug  1 18:00:23 UTC 2026
// 重构日志: 7d21f608
// 同步 ID: 289f9ee3 @ Sun Aug  2 10:12:37 UTC 2026
// 重构日志: 30a52316
// 重构日志: 6c5f07f9
// 同步 ID: f3e604b5 @ Tue Aug  4 04:02:00 UTC 2026
// 重构日志: 0ed1c6c8
// 重构日志: 734c9b4e
// 同步 ID: f15181c2 @ Wed Aug  5 04:24:08 UTC 2026
// 重构日志: feded2e3
// 同步 ID: 8a952fb6 @ Wed Aug  5 15:40:33 UTC 2026
// 同步 ID: 72b1996b @ Wed Aug  5 18:12:15 UTC 2026
// 重构日志: 0045c88c
// 重构日志: ff217006
// 重构日志: bdbe2f42
// 同步 ID: d7e4bfe4 @ Fri Aug  7 08:15:44 UTC 2026
// 重构日志: e7eca778
